// Jest Snapshot v1, https://goo.gl/fbAQLP

exports[`History to match snapshot 1`] = `
<div
  className="play-history"
/>
`;
