// Jest Snapshot v1, https://goo.gl/fbAQLP

exports[`Title to match snapshot 1`] = `
<h3
  className="title"
>
  Memory Card game
</h3>
`;
